
> my-portfolio@0.1.0 build
> next build

   Γû▓ Next.js 15.5.9

   Creating an optimized production build ...
node.exe : Failed to 
compile.
At line:1 char:1
+ & "C:\Program Files\
nodejs/node.exe" 
"C:\Program 
Files\nodejs/node_mo 
...
+ ~~~~~~~~~~~~~~~~~~~~
~~~~~~~~~~~~~~~~~~~~~~
~~~~~~~~~~~~~~~~~~~~~~
~~~~~
    + CategoryInfo    
          : NotSpeci  
  fied: (Failed to    
 compile.:String)     
[], RemoteExcepti    
on
    + FullyQualifiedE 
   rrorId : NativeCo  
  mmandError
 

./node_modules\next\di
st\compiled\client-onl
y\error.js
'client-only' cannot 
be imported from a 
Server Component 
module. It should 
only be used from a 
Client Component.

Import trace for 
requested module:
  ./node_modules\next\
dist\compiled\client-o
nly\error.js
  ./node_modules\style
d-jsx\dist\index\index
.js
  ./node_modules\style
d-jsx\style.js
  ./src\features\proje
cts\components\Project
Card.tsx
  ./src\features\proje
cts\ProjectGrid.tsx
  ./src\app\page.tsx


> Build failed 
because of webpack 
errors
